------------------------------------------------------------
TimeQuest Timing Analyzer Summary
------------------------------------------------------------

Type  : Slow 1200mV 85C Model Setup 'user_pll|altpll_component|auto_generated|pll1|clk[0]'
Slack : 1.028
TNS   : 0.000

Type  : Slow 1200mV 85C Model Setup 'clk'
Slack : 19.288
TNS   : 0.000

Type  : Slow 1200mV 85C Model Setup 'meas_clk'
Slack : 32.649
TNS   : 0.000

Type  : Slow 1200mV 85C Model Hold 'user_pll|altpll_component|auto_generated|pll1|clk[0]'
Slack : 0.341
TNS   : 0.000

Type  : Slow 1200mV 85C Model Hold 'meas_clk'
Slack : 0.347
TNS   : 0.000

Type  : Slow 1200mV 85C Model Hold 'clk'
Slack : 0.383
TNS   : 0.000

Type  : Slow 1200mV 85C Model Minimum Pulse Width 'clk'
Slack : 9.711
TNS   : 0.000

Type  : Slow 1200mV 85C Model Minimum Pulse Width 'user_pll|altpll_component|auto_generated|pll1|clk[0]'
Slack : 9.716
TNS   : 0.000

Type  : Slow 1200mV 85C Model Minimum Pulse Width 'meas_clk'
Slack : 19.751
TNS   : 0.000

Type  : Slow 1200mV 0C Model Setup 'user_pll|altpll_component|auto_generated|pll1|clk[0]'
Slack : 2.596
TNS   : 0.000

Type  : Slow 1200mV 0C Model Setup 'clk'
Slack : 19.352
TNS   : 0.000

Type  : Slow 1200mV 0C Model Setup 'meas_clk'
Slack : 33.219
TNS   : 0.000

Type  : Slow 1200mV 0C Model Hold 'user_pll|altpll_component|auto_generated|pll1|clk[0]'
Slack : 0.307
TNS   : 0.000

Type  : Slow 1200mV 0C Model Hold 'meas_clk'
Slack : 0.312
TNS   : 0.000

Type  : Slow 1200mV 0C Model Hold 'clk'
Slack : 0.345
TNS   : 0.000

Type  : Slow 1200mV 0C Model Minimum Pulse Width 'clk'
Slack : 9.644
TNS   : 0.000

Type  : Slow 1200mV 0C Model Minimum Pulse Width 'user_pll|altpll_component|auto_generated|pll1|clk[0]'
Slack : 9.692
TNS   : 0.000

Type  : Slow 1200mV 0C Model Minimum Pulse Width 'meas_clk'
Slack : 19.768
TNS   : 0.000

Type  : Fast 1200mV 0C Model Setup 'user_pll|altpll_component|auto_generated|pll1|clk[0]'
Slack : 12.044
TNS   : 0.000

Type  : Fast 1200mV 0C Model Setup 'clk'
Slack : 19.684
TNS   : 0.000

Type  : Fast 1200mV 0C Model Setup 'meas_clk'
Slack : 36.736
TNS   : 0.000

Type  : Fast 1200mV 0C Model Hold 'user_pll|altpll_component|auto_generated|pll1|clk[0]'
Slack : 0.149
TNS   : 0.000

Type  : Fast 1200mV 0C Model Hold 'meas_clk'
Slack : 0.152
TNS   : 0.000

Type  : Fast 1200mV 0C Model Hold 'clk'
Slack : 0.160
TNS   : 0.000

Type  : Fast 1200mV 0C Model Minimum Pulse Width 'clk'
Slack : 9.455
TNS   : 0.000

Type  : Fast 1200mV 0C Model Minimum Pulse Width 'user_pll|altpll_component|auto_generated|pll1|clk[0]'
Slack : 9.758
TNS   : 0.000

Type  : Fast 1200mV 0C Model Minimum Pulse Width 'meas_clk'
Slack : 19.722
TNS   : 0.000

------------------------------------------------------------
